// Jest Snapshot v1, https://goo.gl/fbAQLP

exports[`Tests in <FeedPost/> component snapshot should match 1`] = `
<div
  className="w-full flex justify-center"
>
  <div
    className="bg-gray-600 w-3/5 h-full px-5 py-5 mt-4
 rounded"
  >
    <div
      className="flex row mb-2"
    >
      <img
        alt="user_profile"
        className="h-14 w-14"
        src="./assets/user.svg"
      />
      <div
        className="grid grid-cols-1 ml-3"
      >
        <div
          className="text-xl font-semibold"
        >
          name
        </div>
        <div
          className="text-sm"
        >
          31/12/1969
        </div>
      </div>
    </div>
    <div
      className="w-full rounded flex items-start p-2"
    >
      content
    </div>
    <div
      className="w-full flex justify-center"
    >
      <img
        alt=""
        src=""
      />
    </div>
    <div
      className="w-full flex items-start px-3 text-sm underline"
    >
      <span
        className="pr-2 cursor-pointer"
        onClick={[Function]}
      >
        Editar
      </span>
      <span
        className="cursor-pointer"
        onClick={[Function]}
      >
        Eliminar
      </span>
    </div>
  </div>
</div>
`;
