// Jest Snapshot v1, https://goo.gl/fbAQLP

exports[`Test in <RegisterScreen/> snapshot should match 1`] = `
<div
  className="w-screen h-screen flex justify-center items-center bg-gray-800 text-white"
>
  <form
    className="md:w-1/4 sm:w-1/2 bg-gradient-to-b from-primary-400 to-primary-800 rounded-lg shadow-lg p-10"
    onSubmit={[Function]}
  >
    <div
      className="w-full my-2"
    >
      <input
        autoComplete="off"
        className="w-full rounded px-2 text-black border border-transparent focus:outline-none focus:ring-2  focus:ring-secondary-100 focus:border-transparent"
        name="name"
        onChange={[Function]}
        placeholder="Name"
        type="text"
        value=""
      />
    </div>
    <div
      className="w-full my-2"
    >
      <input
        autoComplete="off"
        className="w-full rounded px-2 text-black border border-transparent focus:outline-none focus:ring-2  focus:ring-secondary-100 focus:border-transparent"
        name="email"
        onChange={[Function]}
        placeholder="Email"
        type="text"
        value=""
      />
    </div>
    <div
      className="w-full my-2"
    >
      <input
        className="w-full rounded px-2 text-black border border-transparent focus:outline-none focus:ring-2  focus:ring-secondary-100 focus:border-transparent"
        name="password"
        onChange={[Function]}
        placeholder="Password"
        type="password"
        value=""
      />
    </div>
    <div
      className="w-full my-2"
    >
      <input
        className="w-full rounded px-2 text-black border border-transparent focus:outline-none focus:ring-2  focus:ring-secondary-100 focus:border-transparent"
        name="passwordConfirmation"
        onChange={[Function]}
        placeholder="Confirm password"
        type="password"
        value=""
      />
    </div>
    <div
      className="w-full flex justify-center my-4"
    >
      <button
        className="bg-secondary-700 py-1 px-5 rounded shadow font-bold hover:bg-secondary-900"
        type="submit"
      >
        Registrarse
      </button>
    </div>
    <div
      className="w-full text-center cursor-pointer"
    >
      <a
        className="link"
        href="/auth/login"
        onClick={[Function]}
      >
        ¿Ya estás registrado?
      </a>
    </div>
  </form>
</div>
`;
